// Jest Snapshot v1, https://goo.gl/fbAQLP

exports[`Pruebas en <PrimeraApp />  debe mostrar <PrimeraApp /> correctamente  1`] = `
<Fragment>
  <h1>
     
    Hola, soy Goku
     
  </h1>
  <pre>
     
    {
   "nombre": "Tomas",
   "edad": 20
}
     
  </pre>
  <p>
     
     
  </p>
</Fragment>
`;
